---
source: src/seqvars/aggregate/mod.rs
expression: case_uuid
---
00000000-0000-0000-0000-000000000000
