---
source: src/seqvars/aggregate/mod.rs
expression: pedigree
---
PedigreeByName {
    individuals: {},
}
