---
source: src/seqvars/aggregate/ds.rs
expression: "&counts2"
---
Counts {
    count_homref: 1,
    count_hemiref: 2,
    count_het: 3,
    count_homalt: 4,
    count_hemialt: 5,
}
