---
source: src/seqvars/query/schema.rs
expression: "&seqvar"
---
chrom: "17"
pos: 41252696
reference: A
alternative: T
ann_fields: []
gnomad_exomes_an: 4200
gnomad_exomes_hom: 29
gnomad_exomes_het: 334
gnomad_exomes_hemi: 0
gnomad_genomes_an: 0
gnomad_genomes_hom: 0
gnomad_genomes_het: 0
gnomad_genomes_hemi: 0
helix_an: 0
helix_hom: 0
helix_het: 0
inhouse_an: 0
inhouse_hom: 0
inhouse_het: 0
inhouse_hemi: 0
call_info:
  Case_1_father-N1-DNA1-WGS1:
    genotype: 0/1
    quality: 78
    dp: 9
    ad: 3
    phasing_id: ~
  Case_1_index-N1-DNA1-WGS1:
    genotype: 0/1
    quality: 98
    dp: 14
    ad: 4
    phasing_id: ~
  Case_1_mother-N1-DNA1-WGS1:
    genotype: 0/0
    quality: 67
    dp: 22
    ad: 0
    phasing_id: ~

