---
source: src/seqvars/query/schema.rs
expression: "&seqvar"
---
chrom: MT
pos: 8170
reference: A
alternative: G
gnomad_exomes_an: 0
gnomad_exomes_hom: 0
gnomad_exomes_het: 0
gnomad_exomes_hemi: 0
gnomad_genomes_an: 0
gnomad_genomes_hom: 0
gnomad_genomes_het: 0
gnomad_genomes_hemi: 0
helix_an: 0
helix_hom: 0
helix_het: 0
inhouse_an: 0
inhouse_hom: 0
inhouse_het: 0
inhouse_hemi: 0
call_info:
  Case_1_father-N1-DNA1-WGS1:
    genotype: 0/0
    quality: ~
    dp: 2052
    ad: 1
    phasing_id: ~
  Case_1_index-N1-DNA1-WGS1:
    genotype: 1/1
    quality: ~
    dp: 2257
    ad: 2257
    phasing_id: ~
  Case_1_mother-N1-DNA1-WGS1:
    genotype: 1/1
    quality: ~
    dp: 1774
    ad: 1774
    phasing_id: ~

