---
source: src/seqvars/query/schema.rs
expression: "&seqvar"
---
chrom: "17"
pos: 41249263
reference: G
alternative: A
gnomad_exomes_an: 31398
gnomad_exomes_hom: 0
gnomad_exomes_het: 56
gnomad_exomes_hemi: 0
gnomad_genomes_an: 251304
gnomad_genomes_hom: 0
gnomad_genomes_het: 369
gnomad_genomes_hemi: 0
helix_an: 0
helix_hom: 0
helix_het: 0
inhouse_an: 0
inhouse_hom: 0
inhouse_het: 0
inhouse_hemi: 0
call_info:
  Case_1_father-N1-DNA1-WGS1:
    genotype: 0/0
    quality: ~
    dp: 52
    ad: 0
    phasing_id: ~
  Case_1_index-N1-DNA1-WGS1:
    genotype: 0/0
    quality: ~
    dp: 46
    ad: 0
    phasing_id: ~
  Case_1_mother-N1-DNA1-WGS1:
    genotype: 0/1
    quality: ~
    dp: 42
    ad: 21
    phasing_id: ~

