---
source: src/seqvars/query/schema.rs
expression: "&seqvar"
---
chrom: MT
pos: 750
reference: A
alternative: G
ann_fields: []
gnomad_exomes_an: 0
gnomad_exomes_hom: 0
gnomad_exomes_het: 0
gnomad_exomes_hemi: 0
gnomad_genomes_an: 0
gnomad_genomes_hom: 0
gnomad_genomes_het: 0
gnomad_genomes_hemi: 0
helix_an: 0
helix_hom: 0
helix_het: 0
inhouse_an: 0
inhouse_hom: 0
inhouse_het: 0
inhouse_hemi: 0
call_info:
  Case_1_father-N1-DNA1-WGS1:
    genotype: 1/1
    quality: 99
    dp: 2757
    ad: 2757
    phasing_id: ~
  Case_1_index-N1-DNA1-WGS1:
    genotype: 1/1
    quality: 99
    dp: 2392
    ad: 2392
    phasing_id: ~
  Case_1_mother-N1-DNA1-WGS1:
    genotype: 1/1
    quality: 99
    dp: 1621
    ad: 1621
    phasing_id: ~

