---
source: src/seqvars/query/schema/data.rs
expression: "&seqvar"
---
vcf_variant:
  chrom: MT
  pos: 14148
  ref_allele: A
  alt_allele: G
call_infos:
  Case_1_father-N1-DNA1-WGS1:
    sample: Case_1_father-N1-DNA1-WGS1
    genotype: /0/0
    gq: 99
    dp: 3021
    ad: 2
    ps: ~
  Case_1_index-N1-DNA1-WGS1:
    sample: Case_1_index-N1-DNA1-WGS1
    genotype: /1/1
    gq: 99
    dp: 2820
    ad: 2820
    ps: ~
  Case_1_mother-N1-DNA1-WGS1:
    sample: Case_1_mother-N1-DNA1-WGS1
    genotype: /1/1
    gq: 99
    dp: 1962
    ad: 1962
    ps: ~
ann_fields: []
population_frequencies:
  gnomad_exomes:
    an: 0
    hom: 0
    het: 0
    hemi: 0
  gnomad_genomes:
    an: 0
    hom: 0
    het: 0
    hemi: 0
  gnomad_mtdna:
    an: 0
    hom: 0
    het: 0
  helixmtdb:
    an: 0
    hom: 0
    het: 0
  inhouse:
    an: 0
    hom: 0
    het: 0
    hemi: 0
