---
source: src/seqvars/query/schema/data.rs
expression: "&seqvar"
---
vcf_variant:
  chrom: MT
  pos: 7028
  ref_allele: C
  alt_allele: T
call_infos:
  Case_1_father-N1-DNA1-WGS1:
    sample: Case_1_father-N1-DNA1-WGS1
    genotype: /0/0
    gq: 99
    dp: 2580
    ad: 3
    ps: ~
  Case_1_index-N1-DNA1-WGS1:
    sample: Case_1_index-N1-DNA1-WGS1
    genotype: /1/1
    gq: 99
    dp: 2203
    ad: 2201
    ps: ~
  Case_1_mother-N1-DNA1-WGS1:
    sample: Case_1_mother-N1-DNA1-WGS1
    genotype: /1/1
    gq: 99
    dp: 1946
    ad: 1945
    ps: ~
ann_fields: []
population_frequencies:
  gnomad_exomes:
    an: 0
    hom: 0
    het: 0
    hemi: 0
  gnomad_genomes:
    an: 0
    hom: 0
    het: 0
    hemi: 0
  gnomad_mtdna:
    an: 0
    hom: 0
    het: 0
  helixmtdb:
    an: 0
    hom: 0
    het: 0
  inhouse:
    an: 0
    hom: 0
    het: 0
    hemi: 0
