---
source: src/db/mk_inhouse/cli.rs
expression: output
---
#chromosome	begin	chromosome2	end	pe_orientation	sv_type	carriers	carriers_het	carriers_hom	carriers_hemi
1	849998	1	860000	3to5	DEL	2	0	2	0

