---
source: src/seqvars/ingest/header.rs
expression: "VariantCaller::guess(&vcf_header)"
---
GatkHaplotypeCaller:
  version: 3.7-0-gcfedb67
