---
source: src/seqvars/ingest/header.rs
expression: "VariantCaller::guess(&vcf_header)"
---
Dragen:
  version: "SW: 07.021.624.3.10.9, HW: 07.021.624"
