---
source: src/common.rs
expression: "format!(\"{:x?}\", & buf)"
---
[]
