---
source: src/common.rs
expression: "format!(\"{:x?}\", & buf)"
---
[1f, 8b, 8, 0, 0, 0, 0, 0, 0, ff, 2, 0, 0, 0, ff, ff, 3, 0, 0, 0, 0, 0, 0, 0, 0, 0]
