---
source: src/sv/query/masked.rs
expression: result
---
left:
  - begin: 0
    end: 10
  - begin: 5
    end: 15
right:
  - begin: 100
    end: 110

