version https://git-lfs.github.com/spec/v1
oid sha256:b492053c9d3c22c3f21816013d9fab7b11400dc33013519254cd16999ed7450a
size 10514
